// Jest Snapshot v1, https://goo.gl/fbAQLP

exports[`About renders without crashing 1`] = `
<div>
  <h3>
    <FormattedMessage
      id="about"
      values={Object {}}
    />
    <Connect(RandomPicture) />
  </h3>
</div>
`;
