// Jest Snapshot v1, https://goo.gl/fbAQLP

exports[`RandomPicture renders without crashing 1`] = `
<ContextConsumer>
  <Component />
</ContextConsumer>
`;
