// Jest Snapshot v1, https://goo.gl/fbAQLP

exports[`TodoList renders without crashing 1`] = `
<Connect(TodoList)
  classes={
    Object {
      "addTodoSection": "Connect-TodoList--addTodoSection-1",
    }
  }
/>
`;
